// Jest Snapshot v1, https://goo.gl/fbAQLP

exports[`AuthCard Test User Login Test Snapshot 1`] = `
<Styled(Card)
  inlinetype="table"
  margin="0 0px 0 0"
  title={
    <styled.div>
      USER
    </styled.div>
  }
  width="100%"
>
  <styled.div>
    <Table
      bordered={false}
      className=""
      dataSource={
        Array [
          Object {
            "Address": "Loading",
            "Allowance": "Loading",
            "DUO": "Loading",
            "ETH": "Loading",
            "Link": "https://kovan.etherscan.io",
            "No": 1,
            "Token A": "Loading",
            "Token B": "Loading",
            "key": 0,
          },
          Object {
            "Address": "Loading",
            "Allowance": "Loading",
            "DUO": "Loading",
            "ETH": "Loading",
            "Link": "https://kovan.etherscan.io",
            "No": 2,
            "Token A": "Loading",
            "Token B": "Loading",
            "key": 1,
          },
          Object {
            "Address": "Loading",
            "Allowance": "Loading",
            "DUO": "Loading",
            "ETH": "Loading",
            "Link": "https://kovan.etherscan.io",
            "No": 3,
            "Token A": "Loading",
            "Token B": "Loading",
            "key": 2,
          },
          Object {
            "Address": "Loading",
            "Allowance": "Loading",
            "DUO": "Loading",
            "ETH": "Loading",
            "Link": "https://kovan.etherscan.io",
            "No": 4,
            "Token A": "Loading",
            "Token B": "Loading",
            "key": 3,
          },
          Object {
            "Address": "Loading",
            "Allowance": "Loading",
            "DUO": "Loading",
            "ETH": "Loading",
            "Link": "https://kovan.etherscan.io",
            "No": 5,
            "Token A": "Loading",
            "Token B": "Loading",
            "key": 4,
          },
          Object {
            "Address": "Loading",
            "Allowance": "Loading",
            "DUO": "Loading",
            "ETH": "Loading",
            "Link": "https://kovan.etherscan.io",
            "No": 6,
            "Token A": "Loading",
            "Token B": "Loading",
            "key": 5,
          },
          Object {
            "Address": "Loading",
            "Allowance": "Loading",
            "DUO": "Loading",
            "ETH": "Loading",
            "Link": "https://kovan.etherscan.io",
            "No": 7,
            "Token A": "Loading",
            "Token B": "Loading",
            "key": 6,
          },
          Object {
            "Address": "Loading",
            "Allowance": "Loading",
            "DUO": "Loading",
            "ETH": "Loading",
            "Link": "https://kovan.etherscan.io",
            "No": 8,
            "Token A": "Loading",
            "Token B": "Loading",
            "key": 7,
          },
          Object {
            "Address": "Loading",
            "Allowance": "Loading",
            "DUO": "Loading",
            "ETH": "Loading",
            "Link": "https://kovan.etherscan.io",
            "No": 9,
            "Token A": "Loading",
            "Token B": "Loading",
            "key": 8,
          },
          Object {
            "Address": "Loading",
            "Allowance": "Loading",
            "DUO": "Loading",
            "ETH": "Loading",
            "Link": "https://kovan.etherscan.io",
            "No": 10,
            "Token A": "Loading",
            "Token B": "Loading",
            "key": 9,
          },
          Object {
            "Address": "Loading",
            "Allowance": "Loading",
            "DUO": "Loading",
            "ETH": "Loading",
            "Link": "https://kovan.etherscan.io",
            "No": 11,
            "Token A": "Loading",
            "Token B": "Loading",
            "key": 10,
          },
          Object {
            "Address": "Loading",
            "Allowance": "Loading",
            "DUO": "Loading",
            "ETH": "Loading",
            "Link": "https://kovan.etherscan.io",
            "No": 12,
            "Token A": "Loading",
            "Token B": "Loading",
            "key": 11,
          },
          Object {
            "Address": "Loading",
            "Allowance": "Loading",
            "DUO": "Loading",
            "ETH": "Loading",
            "Link": "https://kovan.etherscan.io",
            "No": 13,
            "Token A": "Loading",
            "Token B": "Loading",
            "key": 12,
          },
          Object {
            "Address": "Loading",
            "Allowance": "Loading",
            "DUO": "Loading",
            "ETH": "Loading",
            "Link": "https://kovan.etherscan.io",
            "No": 14,
            "Token A": "Loading",
            "Token B": "Loading",
            "key": 13,
          },
          Object {
            "Address": "Loading",
            "Allowance": "Loading",
            "DUO": "Loading",
            "ETH": "Loading",
            "Link": "https://kovan.etherscan.io",
            "No": 15,
            "Token A": "Loading",
            "Token B": "Loading",
            "key": 14,
          },
          Object {
            "Address": "Loading",
            "Allowance": "Loading",
            "DUO": "Loading",
            "ETH": "Loading",
            "Link": "https://kovan.etherscan.io",
            "No": 16,
            "Token A": "Loading",
            "Token B": "Loading",
            "key": 15,
          },
          Object {
            "Address": "Loading",
            "Allowance": "Loading",
            "DUO": "Loading",
            "ETH": "Loading",
            "Link": "https://kovan.etherscan.io",
            "No": 17,
            "Token A": "Loading",
            "Token B": "Loading",
            "key": 16,
          },
          Object {
            "Address": "Loading",
            "Allowance": "Loading",
            "DUO": "Loading",
            "ETH": "Loading",
            "Link": "https://kovan.etherscan.io",
            "No": 18,
            "Token A": "Loading",
            "Token B": "Loading",
            "key": 17,
          },
          Object {
            "Address": "Loading",
            "Allowance": "Loading",
            "DUO": "Loading",
            "ETH": "Loading",
            "Link": "https://kovan.etherscan.io",
            "No": 19,
            "Token A": "Loading",
            "Token B": "Loading",
            "key": 18,
          },
          Object {
            "Address": "Loading",
            "Allowance": "Loading",
            "DUO": "Loading",
            "ETH": "Loading",
            "Link": "https://kovan.etherscan.io",
            "No": 20,
            "Token A": "Loading",
            "Token B": "Loading",
            "key": 19,
          },
          Object {
            "Address": "Loading",
            "Allowance": "Loading",
            "DUO": "Loading",
            "ETH": "Loading",
            "Link": "https://kovan.etherscan.io",
            "No": 21,
            "Token A": "Loading",
            "Token B": "Loading",
            "key": 20,
          },
          Object {
            "Address": "Loading",
            "Allowance": "Loading",
            "DUO": "Loading",
            "ETH": "Loading",
            "Link": "https://kovan.etherscan.io",
            "No": 22,
            "Token A": "Loading",
            "Token B": "Loading",
            "key": 21,
          },
          Object {
            "Address": "Loading",
            "Allowance": "Loading",
            "DUO": "Loading",
            "ETH": "Loading",
            "Link": "https://kovan.etherscan.io",
            "No": 23,
            "Token A": "Loading",
            "Token B": "Loading",
            "key": 22,
          },
          Object {
            "Address": "Loading",
            "Allowance": "Loading",
            "DUO": "Loading",
            "ETH": "Loading",
            "Link": "https://kovan.etherscan.io",
            "No": 24,
            "Token A": "Loading",
            "Token B": "Loading",
            "key": 23,
          },
          Object {
            "Address": "Loading",
            "Allowance": "Loading",
            "DUO": "Loading",
            "ETH": "Loading",
            "Link": "https://kovan.etherscan.io",
            "No": 25,
            "Token A": "Loading",
            "Token B": "Loading",
            "key": 24,
          },
          Object {
            "Address": "Loading",
            "Allowance": "Loading",
            "DUO": "Loading",
            "ETH": "Loading",
            "Link": "https://kovan.etherscan.io",
            "No": 26,
            "Token A": "Loading",
            "Token B": "Loading",
            "key": 25,
          },
          Object {
            "Address": "Loading",
            "Allowance": "Loading",
            "DUO": "Loading",
            "ETH": "Loading",
            "Link": "https://kovan.etherscan.io",
            "No": 27,
            "Token A": "Loading",
            "Token B": "Loading",
            "key": 26,
          },
          Object {
            "Address": "Loading",
            "Allowance": "Loading",
            "DUO": "Loading",
            "ETH": "Loading",
            "Link": "https://kovan.etherscan.io",
            "No": 28,
            "Token A": "Loading",
            "Token B": "Loading",
            "key": 27,
          },
          Object {
            "Address": "Loading",
            "Allowance": "Loading",
            "DUO": "Loading",
            "ETH": "Loading",
            "Link": "https://kovan.etherscan.io",
            "No": 29,
            "Token A": "Loading",
            "Token B": "Loading",
            "key": 28,
          },
          Object {
            "Address": "Loading",
            "Allowance": "Loading",
            "DUO": "Loading",
            "ETH": "Loading",
            "Link": "https://kovan.etherscan.io",
            "No": 30,
            "Token A": "Loading",
            "Token B": "Loading",
            "key": 29,
          },
          Object {
            "Address": "Loading",
            "Allowance": "Loading",
            "DUO": "Loading",
            "ETH": "Loading",
            "Link": "https://kovan.etherscan.io",
            "No": 31,
            "Token A": "Loading",
            "Token B": "Loading",
            "key": 30,
          },
          Object {
            "Address": "Loading",
            "Allowance": "Loading",
            "DUO": "Loading",
            "ETH": "Loading",
            "Link": "https://kovan.etherscan.io",
            "No": 32,
            "Token A": "Loading",
            "Token B": "Loading",
            "key": 31,
          },
          Object {
            "Address": "Loading",
            "Allowance": "Loading",
            "DUO": "Loading",
            "ETH": "Loading",
            "Link": "https://kovan.etherscan.io",
            "No": 33,
            "Token A": "Loading",
            "Token B": "Loading",
            "key": 32,
          },
          Object {
            "Address": "Loading",
            "Allowance": "Loading",
            "DUO": "Loading",
            "ETH": "Loading",
            "Link": "https://kovan.etherscan.io",
            "No": 34,
            "Token A": "Loading",
            "Token B": "Loading",
            "key": 33,
          },
          Object {
            "Address": "Loading",
            "Allowance": "Loading",
            "DUO": "Loading",
            "ETH": "Loading",
            "Link": "https://kovan.etherscan.io",
            "No": 35,
            "Token A": "Loading",
            "Token B": "Loading",
            "key": 34,
          },
          Object {
            "Address": "Loading",
            "Allowance": "Loading",
            "DUO": "Loading",
            "ETH": "Loading",
            "Link": "https://kovan.etherscan.io",
            "No": 36,
            "Token A": "Loading",
            "Token B": "Loading",
            "key": 35,
          },
          Object {
            "Address": "Loading",
            "Allowance": "Loading",
            "DUO": "Loading",
            "ETH": "Loading",
            "Link": "https://kovan.etherscan.io",
            "No": 37,
            "Token A": "Loading",
            "Token B": "Loading",
            "key": 36,
          },
          Object {
            "Address": "Loading",
            "Allowance": "Loading",
            "DUO": "Loading",
            "ETH": "Loading",
            "Link": "https://kovan.etherscan.io",
            "No": 38,
            "Token A": "Loading",
            "Token B": "Loading",
            "key": 37,
          },
          Object {
            "Address": "Loading",
            "Allowance": "Loading",
            "DUO": "Loading",
            "ETH": "Loading",
            "Link": "https://kovan.etherscan.io",
            "No": 39,
            "Token A": "Loading",
            "Token B": "Loading",
            "key": 38,
          },
          Object {
            "Address": "Loading",
            "Allowance": "Loading",
            "DUO": "Loading",
            "ETH": "Loading",
            "Link": "https://kovan.etherscan.io",
            "No": 40,
            "Token A": "Loading",
            "Token B": "Loading",
            "key": 39,
          },
          Object {
            "Address": "Loading",
            "Allowance": "Loading",
            "DUO": "Loading",
            "ETH": "Loading",
            "Link": "https://kovan.etherscan.io",
            "No": 41,
            "Token A": "Loading",
            "Token B": "Loading",
            "key": 40,
          },
          Object {
            "Address": "Loading",
            "Allowance": "Loading",
            "DUO": "Loading",
            "ETH": "Loading",
            "Link": "https://kovan.etherscan.io",
            "No": 42,
            "Token A": "Loading",
            "Token B": "Loading",
            "key": 41,
          },
          Object {
            "Address": "Loading",
            "Allowance": "Loading",
            "DUO": "Loading",
            "ETH": "Loading",
            "Link": "https://kovan.etherscan.io",
            "No": 43,
            "Token A": "Loading",
            "Token B": "Loading",
            "key": 42,
          },
          Object {
            "Address": "Loading",
            "Allowance": "Loading",
            "DUO": "Loading",
            "ETH": "Loading",
            "Link": "https://kovan.etherscan.io",
            "No": 44,
            "Token A": "Loading",
            "Token B": "Loading",
            "key": 43,
          },
          Object {
            "Address": "Loading",
            "Allowance": "Loading",
            "DUO": "Loading",
            "ETH": "Loading",
            "Link": "https://kovan.etherscan.io",
            "No": 45,
            "Token A": "Loading",
            "Token B": "Loading",
            "key": 44,
          },
          Object {
            "Address": "Loading",
            "Allowance": "Loading",
            "DUO": "Loading",
            "ETH": "Loading",
            "Link": "https://kovan.etherscan.io",
            "No": 46,
            "Token A": "Loading",
            "Token B": "Loading",
            "key": 45,
          },
          Object {
            "Address": "Loading",
            "Allowance": "Loading",
            "DUO": "Loading",
            "ETH": "Loading",
            "Link": "https://kovan.etherscan.io",
            "No": 47,
            "Token A": "Loading",
            "Token B": "Loading",
            "key": 46,
          },
          Object {
            "Address": "Loading",
            "Allowance": "Loading",
            "DUO": "Loading",
            "ETH": "Loading",
            "Link": "https://kovan.etherscan.io",
            "No": 48,
            "Token A": "Loading",
            "Token B": "Loading",
            "key": 47,
          },
          Object {
            "Address": "Loading",
            "Allowance": "Loading",
            "DUO": "Loading",
            "ETH": "Loading",
            "Link": "https://kovan.etherscan.io",
            "No": 49,
            "Token A": "Loading",
            "Token B": "Loading",
            "key": 48,
          },
          Object {
            "Address": "Loading",
            "Allowance": "Loading",
            "DUO": "Loading",
            "ETH": "Loading",
            "Link": "https://kovan.etherscan.io",
            "No": 50,
            "Token A": "Loading",
            "Token B": "Loading",
            "key": 49,
          },
          Object {
            "Address": "Loading",
            "Allowance": "Loading",
            "DUO": "Loading",
            "ETH": "Loading",
            "Link": "https://kovan.etherscan.io",
            "No": 51,
            "Token A": "Loading",
            "Token B": "Loading",
            "key": 50,
          },
          Object {
            "Address": "Loading",
            "Allowance": "Loading",
            "DUO": "Loading",
            "ETH": "Loading",
            "Link": "https://kovan.etherscan.io",
            "No": 52,
            "Token A": "Loading",
            "Token B": "Loading",
            "key": 51,
          },
          Object {
            "Address": "Loading",
            "Allowance": "Loading",
            "DUO": "Loading",
            "ETH": "Loading",
            "Link": "https://kovan.etherscan.io",
            "No": 53,
            "Token A": "Loading",
            "Token B": "Loading",
            "key": 52,
          },
          Object {
            "Address": "Loading",
            "Allowance": "Loading",
            "DUO": "Loading",
            "ETH": "Loading",
            "Link": "https://kovan.etherscan.io",
            "No": 54,
            "Token A": "Loading",
            "Token B": "Loading",
            "key": 53,
          },
          Object {
            "Address": "Loading",
            "Allowance": "Loading",
            "DUO": "Loading",
            "ETH": "Loading",
            "Link": "https://kovan.etherscan.io",
            "No": 55,
            "Token A": "Loading",
            "Token B": "Loading",
            "key": 54,
          },
          Object {
            "Address": "Loading",
            "Allowance": "Loading",
            "DUO": "Loading",
            "ETH": "Loading",
            "Link": "https://kovan.etherscan.io",
            "No": 56,
            "Token A": "Loading",
            "Token B": "Loading",
            "key": 55,
          },
          Object {
            "Address": "Loading",
            "Allowance": "Loading",
            "DUO": "Loading",
            "ETH": "Loading",
            "Link": "https://kovan.etherscan.io",
            "No": 57,
            "Token A": "Loading",
            "Token B": "Loading",
            "key": 56,
          },
          Object {
            "Address": "Loading",
            "Allowance": "Loading",
            "DUO": "Loading",
            "ETH": "Loading",
            "Link": "https://kovan.etherscan.io",
            "No": 58,
            "Token A": "Loading",
            "Token B": "Loading",
            "key": 57,
          },
          Object {
            "Address": "Loading",
            "Allowance": "Loading",
            "DUO": "Loading",
            "ETH": "Loading",
            "Link": "https://kovan.etherscan.io",
            "No": 59,
            "Token A": "Loading",
            "Token B": "Loading",
            "key": 58,
          },
          Object {
            "Address": "Loading",
            "Allowance": "Loading",
            "DUO": "Loading",
            "ETH": "Loading",
            "Link": "https://kovan.etherscan.io",
            "No": 60,
            "Token A": "Loading",
            "Token B": "Loading",
            "key": 59,
          },
          Object {
            "Address": "Loading",
            "Allowance": "Loading",
            "DUO": "Loading",
            "ETH": "Loading",
            "Link": "https://kovan.etherscan.io",
            "No": 61,
            "Token A": "Loading",
            "Token B": "Loading",
            "key": 60,
          },
          Object {
            "Address": "Loading",
            "Allowance": "Loading",
            "DUO": "Loading",
            "ETH": "Loading",
            "Link": "https://kovan.etherscan.io",
            "No": 62,
            "Token A": "Loading",
            "Token B": "Loading",
            "key": 61,
          },
          Object {
            "Address": "Loading",
            "Allowance": "Loading",
            "DUO": "Loading",
            "ETH": "Loading",
            "Link": "https://kovan.etherscan.io",
            "No": 63,
            "Token A": "Loading",
            "Token B": "Loading",
            "key": 62,
          },
          Object {
            "Address": "Loading",
            "Allowance": "Loading",
            "DUO": "Loading",
            "ETH": "Loading",
            "Link": "https://kovan.etherscan.io",
            "No": 64,
            "Token A": "Loading",
            "Token B": "Loading",
            "key": 63,
          },
          Object {
            "Address": "Loading",
            "Allowance": "Loading",
            "DUO": "Loading",
            "ETH": "Loading",
            "Link": "https://kovan.etherscan.io",
            "No": 65,
            "Token A": "Loading",
            "Token B": "Loading",
            "key": 64,
          },
          Object {
            "Address": "Loading",
            "Allowance": "Loading",
            "DUO": "Loading",
            "ETH": "Loading",
            "Link": "https://kovan.etherscan.io",
            "No": 66,
            "Token A": "Loading",
            "Token B": "Loading",
            "key": 65,
          },
          Object {
            "Address": "Loading",
            "Allowance": "Loading",
            "DUO": "Loading",
            "ETH": "Loading",
            "Link": "https://kovan.etherscan.io",
            "No": 67,
            "Token A": "Loading",
            "Token B": "Loading",
            "key": 66,
          },
          Object {
            "Address": "Loading",
            "Allowance": "Loading",
            "DUO": "Loading",
            "ETH": "Loading",
            "Link": "https://kovan.etherscan.io",
            "No": 68,
            "Token A": "Loading",
            "Token B": "Loading",
            "key": 67,
          },
          Object {
            "Address": "Loading",
            "Allowance": "Loading",
            "DUO": "Loading",
            "ETH": "Loading",
            "Link": "https://kovan.etherscan.io",
            "No": 69,
            "Token A": "Loading",
            "Token B": "Loading",
            "key": 68,
          },
          Object {
            "Address": "Loading",
            "Allowance": "Loading",
            "DUO": "Loading",
            "ETH": "Loading",
            "Link": "https://kovan.etherscan.io",
            "No": 70,
            "Token A": "Loading",
            "Token B": "Loading",
            "key": 69,
          },
          Object {
            "Address": "Loading",
            "Allowance": "Loading",
            "DUO": "Loading",
            "ETH": "Loading",
            "Link": "https://kovan.etherscan.io",
            "No": 71,
            "Token A": "Loading",
            "Token B": "Loading",
            "key": 70,
          },
          Object {
            "Address": "Loading",
            "Allowance": "Loading",
            "DUO": "Loading",
            "ETH": "Loading",
            "Link": "https://kovan.etherscan.io",
            "No": 72,
            "Token A": "Loading",
            "Token B": "Loading",
            "key": 71,
          },
          Object {
            "Address": "Loading",
            "Allowance": "Loading",
            "DUO": "Loading",
            "ETH": "Loading",
            "Link": "https://kovan.etherscan.io",
            "No": 73,
            "Token A": "Loading",
            "Token B": "Loading",
            "key": 72,
          },
          Object {
            "Address": "Loading",
            "Allowance": "Loading",
            "DUO": "Loading",
            "ETH": "Loading",
            "Link": "https://kovan.etherscan.io",
            "No": 74,
            "Token A": "Loading",
            "Token B": "Loading",
            "key": 73,
          },
          Object {
            "Address": "Loading",
            "Allowance": "Loading",
            "DUO": "Loading",
            "ETH": "Loading",
            "Link": "https://kovan.etherscan.io",
            "No": 75,
            "Token A": "Loading",
            "Token B": "Loading",
            "key": 74,
          },
          Object {
            "Address": "Loading",
            "Allowance": "Loading",
            "DUO": "Loading",
            "ETH": "Loading",
            "Link": "https://kovan.etherscan.io",
            "No": 76,
            "Token A": "Loading",
            "Token B": "Loading",
            "key": 75,
          },
          Object {
            "Address": "Loading",
            "Allowance": "Loading",
            "DUO": "Loading",
            "ETH": "Loading",
            "Link": "https://kovan.etherscan.io",
            "No": 77,
            "Token A": "Loading",
            "Token B": "Loading",
            "key": 76,
          },
          Object {
            "Address": "Loading",
            "Allowance": "Loading",
            "DUO": "Loading",
            "ETH": "Loading",
            "Link": "https://kovan.etherscan.io",
            "No": 78,
            "Token A": "Loading",
            "Token B": "Loading",
            "key": 77,
          },
          Object {
            "Address": "Loading",
            "Allowance": "Loading",
            "DUO": "Loading",
            "ETH": "Loading",
            "Link": "https://kovan.etherscan.io",
            "No": 79,
            "Token A": "Loading",
            "Token B": "Loading",
            "key": 78,
          },
          Object {
            "Address": "Loading",
            "Allowance": "Loading",
            "DUO": "Loading",
            "ETH": "Loading",
            "Link": "https://kovan.etherscan.io",
            "No": 80,
            "Token A": "Loading",
            "Token B": "Loading",
            "key": 79,
          },
          Object {
            "Address": "Loading",
            "Allowance": "Loading",
            "DUO": "Loading",
            "ETH": "Loading",
            "Link": "https://kovan.etherscan.io",
            "No": 81,
            "Token A": "Loading",
            "Token B": "Loading",
            "key": 80,
          },
          Object {
            "Address": "Loading",
            "Allowance": "Loading",
            "DUO": "Loading",
            "ETH": "Loading",
            "Link": "https://kovan.etherscan.io",
            "No": 82,
            "Token A": "Loading",
            "Token B": "Loading",
            "key": 81,
          },
          Object {
            "Address": "Loading",
            "Allowance": "Loading",
            "DUO": "Loading",
            "ETH": "Loading",
            "Link": "https://kovan.etherscan.io",
            "No": 83,
            "Token A": "Loading",
            "Token B": "Loading",
            "key": 82,
          },
          Object {
            "Address": "Loading",
            "Allowance": "Loading",
            "DUO": "Loading",
            "ETH": "Loading",
            "Link": "https://kovan.etherscan.io",
            "No": 84,
            "Token A": "Loading",
            "Token B": "Loading",
            "key": 83,
          },
          Object {
            "Address": "Loading",
            "Allowance": "Loading",
            "DUO": "Loading",
            "ETH": "Loading",
            "Link": "https://kovan.etherscan.io",
            "No": 85,
            "Token A": "Loading",
            "Token B": "Loading",
            "key": 84,
          },
          Object {
            "Address": "Loading",
            "Allowance": "Loading",
            "DUO": "Loading",
            "ETH": "Loading",
            "Link": "https://kovan.etherscan.io",
            "No": 86,
            "Token A": "Loading",
            "Token B": "Loading",
            "key": 85,
          },
          Object {
            "Address": "Loading",
            "Allowance": "Loading",
            "DUO": "Loading",
            "ETH": "Loading",
            "Link": "https://kovan.etherscan.io",
            "No": 87,
            "Token A": "Loading",
            "Token B": "Loading",
            "key": 86,
          },
          Object {
            "Address": "Loading",
            "Allowance": "Loading",
            "DUO": "Loading",
            "ETH": "Loading",
            "Link": "https://kovan.etherscan.io",
            "No": 88,
            "Token A": "Loading",
            "Token B": "Loading",
            "key": 87,
          },
          Object {
            "Address": "Loading",
            "Allowance": "Loading",
            "DUO": "Loading",
            "ETH": "Loading",
            "Link": "https://kovan.etherscan.io",
            "No": 89,
            "Token A": "Loading",
            "Token B": "Loading",
            "key": 88,
          },
          Object {
            "Address": "Loading",
            "Allowance": "Loading",
            "DUO": "Loading",
            "ETH": "Loading",
            "Link": "https://kovan.etherscan.io",
            "No": 90,
            "Token A": "Loading",
            "Token B": "Loading",
            "key": 89,
          },
          Object {
            "Address": "Loading",
            "Allowance": "Loading",
            "DUO": "Loading",
            "ETH": "Loading",
            "Link": "https://kovan.etherscan.io",
            "No": 91,
            "Token A": "Loading",
            "Token B": "Loading",
            "key": 90,
          },
          Object {
            "Address": "Loading",
            "Allowance": "Loading",
            "DUO": "Loading",
            "ETH": "Loading",
            "Link": "https://kovan.etherscan.io",
            "No": 92,
            "Token A": "Loading",
            "Token B": "Loading",
            "key": 91,
          },
          Object {
            "Address": "Loading",
            "Allowance": "Loading",
            "DUO": "Loading",
            "ETH": "Loading",
            "Link": "https://kovan.etherscan.io",
            "No": 93,
            "Token A": "Loading",
            "Token B": "Loading",
            "key": 92,
          },
          Object {
            "Address": "Loading",
            "Allowance": "Loading",
            "DUO": "Loading",
            "ETH": "Loading",
            "Link": "https://kovan.etherscan.io",
            "No": 94,
            "Token A": "Loading",
            "Token B": "Loading",
            "key": 93,
          },
          Object {
            "Address": "Loading",
            "Allowance": "Loading",
            "DUO": "Loading",
            "ETH": "Loading",
            "Link": "https://kovan.etherscan.io",
            "No": 95,
            "Token A": "Loading",
            "Token B": "Loading",
            "key": 94,
          },
          Object {
            "Address": "Loading",
            "Allowance": "Loading",
            "DUO": "Loading",
            "ETH": "Loading",
            "Link": "https://kovan.etherscan.io",
            "No": 96,
            "Token A": "Loading",
            "Token B": "Loading",
            "key": 95,
          },
          Object {
            "Address": "Loading",
            "Allowance": "Loading",
            "DUO": "Loading",
            "ETH": "Loading",
            "Link": "https://kovan.etherscan.io",
            "No": 97,
            "Token A": "Loading",
            "Token B": "Loading",
            "key": 96,
          },
          Object {
            "Address": "Loading",
            "Allowance": "Loading",
            "DUO": "Loading",
            "ETH": "Loading",
            "Link": "https://kovan.etherscan.io",
            "No": 98,
            "Token A": "Loading",
            "Token B": "Loading",
            "key": 97,
          },
          Object {
            "Address": "Loading",
            "Allowance": "Loading",
            "DUO": "Loading",
            "ETH": "Loading",
            "Link": "https://kovan.etherscan.io",
            "No": 99,
            "Token A": "Loading",
            "Token B": "Loading",
            "key": 98,
          },
          Object {
            "Address": "Loading",
            "Allowance": "Loading",
            "DUO": "Loading",
            "ETH": "Loading",
            "Link": "https://kovan.etherscan.io",
            "No": 100,
            "Token A": "Loading",
            "Token B": "Loading",
            "key": 99,
          },
          Object {
            "Address": "Loading",
            "Allowance": "Loading",
            "DUO": "Loading",
            "ETH": "Loading",
            "Link": "https://kovan.etherscan.io",
            "No": 101,
            "Token A": "Loading",
            "Token B": "Loading",
            "key": 100,
          },
          Object {
            "Address": "Loading",
            "Allowance": "Loading",
            "DUO": "Loading",
            "ETH": "Loading",
            "Link": "https://kovan.etherscan.io",
            "No": 102,
            "Token A": "Loading",
            "Token B": "Loading",
            "key": 101,
          },
          Object {
            "Address": "Loading",
            "Allowance": "Loading",
            "DUO": "Loading",
            "ETH": "Loading",
            "Link": "https://kovan.etherscan.io",
            "No": 103,
            "Token A": "Loading",
            "Token B": "Loading",
            "key": 102,
          },
          Object {
            "Address": "Loading",
            "Allowance": "Loading",
            "DUO": "Loading",
            "ETH": "Loading",
            "Link": "https://kovan.etherscan.io",
            "No": 104,
            "Token A": "Loading",
            "Token B": "Loading",
            "key": 103,
          },
          Object {
            "Address": "Loading",
            "Allowance": "Loading",
            "DUO": "Loading",
            "ETH": "Loading",
            "Link": "https://kovan.etherscan.io",
            "No": 105,
            "Token A": "Loading",
            "Token B": "Loading",
            "key": 104,
          },
          Object {
            "Address": "Loading",
            "Allowance": "Loading",
            "DUO": "Loading",
            "ETH": "Loading",
            "Link": "https://kovan.etherscan.io",
            "No": 106,
            "Token A": "Loading",
            "Token B": "Loading",
            "key": 105,
          },
          Object {
            "Address": "Loading",
            "Allowance": "Loading",
            "DUO": "Loading",
            "ETH": "Loading",
            "Link": "https://kovan.etherscan.io",
            "No": 107,
            "Token A": "Loading",
            "Token B": "Loading",
            "key": 106,
          },
          Object {
            "Address": "Loading",
            "Allowance": "Loading",
            "DUO": "Loading",
            "ETH": "Loading",
            "Link": "https://kovan.etherscan.io",
            "No": 108,
            "Token A": "Loading",
            "Token B": "Loading",
            "key": 107,
          },
          Object {
            "Address": "Loading",
            "Allowance": "Loading",
            "DUO": "Loading",
            "ETH": "Loading",
            "Link": "https://kovan.etherscan.io",
            "No": 109,
            "Token A": "Loading",
            "Token B": "Loading",
            "key": 108,
          },
          Object {
            "Address": "Loading",
            "Allowance": "Loading",
            "DUO": "Loading",
            "ETH": "Loading",
            "Link": "https://kovan.etherscan.io",
            "No": 110,
            "Token A": "Loading",
            "Token B": "Loading",
            "key": 109,
          },
          Object {
            "Address": "Loading",
            "Allowance": "Loading",
            "DUO": "Loading",
            "ETH": "Loading",
            "Link": "https://kovan.etherscan.io",
            "No": 111,
            "Token A": "Loading",
            "Token B": "Loading",
            "key": 110,
          },
          Object {
            "Address": "Loading",
            "Allowance": "Loading",
            "DUO": "Loading",
            "ETH": "Loading",
            "Link": "https://kovan.etherscan.io",
            "No": 112,
            "Token A": "Loading",
            "Token B": "Loading",
            "key": 111,
          },
          Object {
            "Address": "Loading",
            "Allowance": "Loading",
            "DUO": "Loading",
            "ETH": "Loading",
            "Link": "https://kovan.etherscan.io",
            "No": 113,
            "Token A": "Loading",
            "Token B": "Loading",
            "key": 112,
          },
          Object {
            "Address": "Loading",
            "Allowance": "Loading",
            "DUO": "Loading",
            "ETH": "Loading",
            "Link": "https://kovan.etherscan.io",
            "No": 114,
            "Token A": "Loading",
            "Token B": "Loading",
            "key": 113,
          },
          Object {
            "Address": "Loading",
            "Allowance": "Loading",
            "DUO": "Loading",
            "ETH": "Loading",
            "Link": "https://kovan.etherscan.io",
            "No": 115,
            "Token A": "Loading",
            "Token B": "Loading",
            "key": 114,
          },
          Object {
            "Address": "Loading",
            "Allowance": "Loading",
            "DUO": "Loading",
            "ETH": "Loading",
            "Link": "https://kovan.etherscan.io",
            "No": 116,
            "Token A": "Loading",
            "Token B": "Loading",
            "key": 115,
          },
          Object {
            "Address": "Loading",
            "Allowance": "Loading",
            "DUO": "Loading",
            "ETH": "Loading",
            "Link": "https://kovan.etherscan.io",
            "No": 117,
            "Token A": "Loading",
            "Token B": "Loading",
            "key": 116,
          },
          Object {
            "Address": "Loading",
            "Allowance": "Loading",
            "DUO": "Loading",
            "ETH": "Loading",
            "Link": "https://kovan.etherscan.io",
            "No": 118,
            "Token A": "Loading",
            "Token B": "Loading",
            "key": 117,
          },
          Object {
            "Address": "Loading",
            "Allowance": "Loading",
            "DUO": "Loading",
            "ETH": "Loading",
            "Link": "https://kovan.etherscan.io",
            "No": 119,
            "Token A": "Loading",
            "Token B": "Loading",
            "key": 118,
          },
          Object {
            "Address": "Loading",
            "Allowance": "Loading",
            "DUO": "Loading",
            "ETH": "Loading",
            "Link": "https://kovan.etherscan.io",
            "No": 120,
            "Token A": "Loading",
            "Token B": "Loading",
            "key": 119,
          },
          Object {
            "Address": "Loading",
            "Allowance": "Loading",
            "DUO": "Loading",
            "ETH": "Loading",
            "Link": "https://kovan.etherscan.io",
            "No": 121,
            "Token A": "Loading",
            "Token B": "Loading",
            "key": 120,
          },
          Object {
            "Address": "Loading",
            "Allowance": "Loading",
            "DUO": "Loading",
            "ETH": "Loading",
            "Link": "https://kovan.etherscan.io",
            "No": 122,
            "Token A": "Loading",
            "Token B": "Loading",
            "key": 121,
          },
          Object {
            "Address": "Loading",
            "Allowance": "Loading",
            "DUO": "Loading",
            "ETH": "Loading",
            "Link": "https://kovan.etherscan.io",
            "No": 123,
            "Token A": "Loading",
            "Token B": "Loading",
            "key": 122,
          },
        ]
      }
      indentSize={20}
      loading={false}
      locale={Object {}}
      onRow={[Function]}
      pagination={
        Object {
          "onChange": [Function],
          "pageSize": 20,
          "showQuickJumper": true,
          "showTotal": [Function],
          "size": "small",
        }
      }
      prefixCls="ant-table"
      rowKey="key"
      showHeader={true}
      size="default"
      useFixedHeader={false}
    >
      <Column
        dataIndex="No"
        title="No"
        width={60}
      />
      <Column
        dataIndex="Address"
        title="Address"
        width={455}
      />
      <Column
        dataIndex="ETH"
        key="ETH"
        title="ETH"
        width={90}
      />
      <Column
        dataIndex="DUO"
        key="DUO"
        title="DUO"
        width={90}
      />
      <Column
        dataIndex="Token A"
        key="Token A"
        title="Token A"
        width={90}
      />
      <Column
        dataIndex="Token B"
        key="Token B"
        title="Token B"
        width={90}
      />
      <Column
        dataIndex="Allowance"
        key="Allowance"
        title="Allowance"
        width={90}
      />
    </Table>
  </styled.div>
</Styled(Card)>
`;

exports[`AuthCard Test User Login Test Snapshot 2`] = `
<Styled(Card)
  inlinetype="table"
  margin="0 0px 0 0"
  title={
    <styled.div>
      USER
    </styled.div>
  }
  width="100%"
>
  <styled.div>
    <Table
      bordered={false}
      className=""
      dataSource={
        Array [
          Object {
            "Address": "Loading",
            "Allowance": "Loading",
            "DUO": "Loading",
            "ETH": "Loading",
            "Link": "https://kovan.etherscan.io",
            "No": 1,
            "Token A": "Loading",
            "Token B": "Loading",
            "key": 0,
          },
          Object {
            "Address": "Loading",
            "Allowance": "Loading",
            "DUO": "Loading",
            "ETH": "Loading",
            "Link": "https://kovan.etherscan.io",
            "No": 2,
            "Token A": "Loading",
            "Token B": "Loading",
            "key": 1,
          },
          Object {
            "Address": "Loading",
            "Allowance": "Loading",
            "DUO": "Loading",
            "ETH": "Loading",
            "Link": "https://kovan.etherscan.io",
            "No": 3,
            "Token A": "Loading",
            "Token B": "Loading",
            "key": 2,
          },
          Object {
            "Address": "Loading",
            "Allowance": "Loading",
            "DUO": "Loading",
            "ETH": "Loading",
            "Link": "https://kovan.etherscan.io",
            "No": 4,
            "Token A": "Loading",
            "Token B": "Loading",
            "key": 3,
          },
          Object {
            "Address": "Loading",
            "Allowance": "Loading",
            "DUO": "Loading",
            "ETH": "Loading",
            "Link": "https://kovan.etherscan.io",
            "No": 5,
            "Token A": "Loading",
            "Token B": "Loading",
            "key": 4,
          },
          Object {
            "Address": "Loading",
            "Allowance": "Loading",
            "DUO": "Loading",
            "ETH": "Loading",
            "Link": "https://kovan.etherscan.io",
            "No": 6,
            "Token A": "Loading",
            "Token B": "Loading",
            "key": 5,
          },
          Object {
            "Address": "Loading",
            "Allowance": "Loading",
            "DUO": "Loading",
            "ETH": "Loading",
            "Link": "https://kovan.etherscan.io",
            "No": 7,
            "Token A": "Loading",
            "Token B": "Loading",
            "key": 6,
          },
          Object {
            "Address": "Loading",
            "Allowance": "Loading",
            "DUO": "Loading",
            "ETH": "Loading",
            "Link": "https://kovan.etherscan.io",
            "No": 8,
            "Token A": "Loading",
            "Token B": "Loading",
            "key": 7,
          },
          Object {
            "Address": "Loading",
            "Allowance": "Loading",
            "DUO": "Loading",
            "ETH": "Loading",
            "Link": "https://kovan.etherscan.io",
            "No": 9,
            "Token A": "Loading",
            "Token B": "Loading",
            "key": 8,
          },
          Object {
            "Address": "Loading",
            "Allowance": "Loading",
            "DUO": "Loading",
            "ETH": "Loading",
            "Link": "https://kovan.etherscan.io",
            "No": 10,
            "Token A": "Loading",
            "Token B": "Loading",
            "key": 9,
          },
          Object {
            "Address": "Loading",
            "Allowance": "Loading",
            "DUO": "Loading",
            "ETH": "Loading",
            "Link": "https://kovan.etherscan.io",
            "No": 11,
            "Token A": "Loading",
            "Token B": "Loading",
            "key": 10,
          },
          Object {
            "Address": "Loading",
            "Allowance": "Loading",
            "DUO": "Loading",
            "ETH": "Loading",
            "Link": "https://kovan.etherscan.io",
            "No": 12,
            "Token A": "Loading",
            "Token B": "Loading",
            "key": 11,
          },
          Object {
            "Address": "Loading",
            "Allowance": "Loading",
            "DUO": "Loading",
            "ETH": "Loading",
            "Link": "https://kovan.etherscan.io",
            "No": 13,
            "Token A": "Loading",
            "Token B": "Loading",
            "key": 12,
          },
          Object {
            "Address": "Loading",
            "Allowance": "Loading",
            "DUO": "Loading",
            "ETH": "Loading",
            "Link": "https://kovan.etherscan.io",
            "No": 14,
            "Token A": "Loading",
            "Token B": "Loading",
            "key": 13,
          },
          Object {
            "Address": "Loading",
            "Allowance": "Loading",
            "DUO": "Loading",
            "ETH": "Loading",
            "Link": "https://kovan.etherscan.io",
            "No": 15,
            "Token A": "Loading",
            "Token B": "Loading",
            "key": 14,
          },
          Object {
            "Address": "Loading",
            "Allowance": "Loading",
            "DUO": "Loading",
            "ETH": "Loading",
            "Link": "https://kovan.etherscan.io",
            "No": 16,
            "Token A": "Loading",
            "Token B": "Loading",
            "key": 15,
          },
          Object {
            "Address": "Loading",
            "Allowance": "Loading",
            "DUO": "Loading",
            "ETH": "Loading",
            "Link": "https://kovan.etherscan.io",
            "No": 17,
            "Token A": "Loading",
            "Token B": "Loading",
            "key": 16,
          },
          Object {
            "Address": "Loading",
            "Allowance": "Loading",
            "DUO": "Loading",
            "ETH": "Loading",
            "Link": "https://kovan.etherscan.io",
            "No": 18,
            "Token A": "Loading",
            "Token B": "Loading",
            "key": 17,
          },
          Object {
            "Address": "Loading",
            "Allowance": "Loading",
            "DUO": "Loading",
            "ETH": "Loading",
            "Link": "https://kovan.etherscan.io",
            "No": 19,
            "Token A": "Loading",
            "Token B": "Loading",
            "key": 18,
          },
          Object {
            "Address": "Loading",
            "Allowance": "Loading",
            "DUO": "Loading",
            "ETH": "Loading",
            "Link": "https://kovan.etherscan.io",
            "No": 20,
            "Token A": "Loading",
            "Token B": "Loading",
            "key": 19,
          },
          Object {
            "Address": "Loading",
            "Allowance": "Loading",
            "DUO": "Loading",
            "ETH": "Loading",
            "Link": "https://kovan.etherscan.io",
            "No": 21,
            "Token A": "Loading",
            "Token B": "Loading",
            "key": 20,
          },
          Object {
            "Address": "Loading",
            "Allowance": "Loading",
            "DUO": "Loading",
            "ETH": "Loading",
            "Link": "https://kovan.etherscan.io",
            "No": 22,
            "Token A": "Loading",
            "Token B": "Loading",
            "key": 21,
          },
          Object {
            "Address": "Loading",
            "Allowance": "Loading",
            "DUO": "Loading",
            "ETH": "Loading",
            "Link": "https://kovan.etherscan.io",
            "No": 23,
            "Token A": "Loading",
            "Token B": "Loading",
            "key": 22,
          },
          Object {
            "Address": "Loading",
            "Allowance": "Loading",
            "DUO": "Loading",
            "ETH": "Loading",
            "Link": "https://kovan.etherscan.io",
            "No": 24,
            "Token A": "Loading",
            "Token B": "Loading",
            "key": 23,
          },
          Object {
            "Address": "Loading",
            "Allowance": "Loading",
            "DUO": "Loading",
            "ETH": "Loading",
            "Link": "https://kovan.etherscan.io",
            "No": 25,
            "Token A": "Loading",
            "Token B": "Loading",
            "key": 24,
          },
          Object {
            "Address": "Loading",
            "Allowance": "Loading",
            "DUO": "Loading",
            "ETH": "Loading",
            "Link": "https://kovan.etherscan.io",
            "No": 26,
            "Token A": "Loading",
            "Token B": "Loading",
            "key": 25,
          },
          Object {
            "Address": "Loading",
            "Allowance": "Loading",
            "DUO": "Loading",
            "ETH": "Loading",
            "Link": "https://kovan.etherscan.io",
            "No": 27,
            "Token A": "Loading",
            "Token B": "Loading",
            "key": 26,
          },
          Object {
            "Address": "Loading",
            "Allowance": "Loading",
            "DUO": "Loading",
            "ETH": "Loading",
            "Link": "https://kovan.etherscan.io",
            "No": 28,
            "Token A": "Loading",
            "Token B": "Loading",
            "key": 27,
          },
          Object {
            "Address": "Loading",
            "Allowance": "Loading",
            "DUO": "Loading",
            "ETH": "Loading",
            "Link": "https://kovan.etherscan.io",
            "No": 29,
            "Token A": "Loading",
            "Token B": "Loading",
            "key": 28,
          },
          Object {
            "Address": "Loading",
            "Allowance": "Loading",
            "DUO": "Loading",
            "ETH": "Loading",
            "Link": "https://kovan.etherscan.io",
            "No": 30,
            "Token A": "Loading",
            "Token B": "Loading",
            "key": 29,
          },
          Object {
            "Address": "Loading",
            "Allowance": "Loading",
            "DUO": "Loading",
            "ETH": "Loading",
            "Link": "https://kovan.etherscan.io",
            "No": 31,
            "Token A": "Loading",
            "Token B": "Loading",
            "key": 30,
          },
          Object {
            "Address": "Loading",
            "Allowance": "Loading",
            "DUO": "Loading",
            "ETH": "Loading",
            "Link": "https://kovan.etherscan.io",
            "No": 32,
            "Token A": "Loading",
            "Token B": "Loading",
            "key": 31,
          },
          Object {
            "Address": "Loading",
            "Allowance": "Loading",
            "DUO": "Loading",
            "ETH": "Loading",
            "Link": "https://kovan.etherscan.io",
            "No": 33,
            "Token A": "Loading",
            "Token B": "Loading",
            "key": 32,
          },
          Object {
            "Address": "Loading",
            "Allowance": "Loading",
            "DUO": "Loading",
            "ETH": "Loading",
            "Link": "https://kovan.etherscan.io",
            "No": 34,
            "Token A": "Loading",
            "Token B": "Loading",
            "key": 33,
          },
          Object {
            "Address": "Loading",
            "Allowance": "Loading",
            "DUO": "Loading",
            "ETH": "Loading",
            "Link": "https://kovan.etherscan.io",
            "No": 35,
            "Token A": "Loading",
            "Token B": "Loading",
            "key": 34,
          },
          Object {
            "Address": "Loading",
            "Allowance": "Loading",
            "DUO": "Loading",
            "ETH": "Loading",
            "Link": "https://kovan.etherscan.io",
            "No": 36,
            "Token A": "Loading",
            "Token B": "Loading",
            "key": 35,
          },
          Object {
            "Address": "Loading",
            "Allowance": "Loading",
            "DUO": "Loading",
            "ETH": "Loading",
            "Link": "https://kovan.etherscan.io",
            "No": 37,
            "Token A": "Loading",
            "Token B": "Loading",
            "key": 36,
          },
          Object {
            "Address": "Loading",
            "Allowance": "Loading",
            "DUO": "Loading",
            "ETH": "Loading",
            "Link": "https://kovan.etherscan.io",
            "No": 38,
            "Token A": "Loading",
            "Token B": "Loading",
            "key": 37,
          },
          Object {
            "Address": "Loading",
            "Allowance": "Loading",
            "DUO": "Loading",
            "ETH": "Loading",
            "Link": "https://kovan.etherscan.io",
            "No": 39,
            "Token A": "Loading",
            "Token B": "Loading",
            "key": 38,
          },
          Object {
            "Address": "Loading",
            "Allowance": "Loading",
            "DUO": "Loading",
            "ETH": "Loading",
            "Link": "https://kovan.etherscan.io",
            "No": 40,
            "Token A": "Loading",
            "Token B": "Loading",
            "key": 39,
          },
          Object {
            "Address": "Loading",
            "Allowance": "Loading",
            "DUO": "Loading",
            "ETH": "Loading",
            "Link": "https://kovan.etherscan.io",
            "No": 41,
            "Token A": "Loading",
            "Token B": "Loading",
            "key": 40,
          },
          Object {
            "Address": "Loading",
            "Allowance": "Loading",
            "DUO": "Loading",
            "ETH": "Loading",
            "Link": "https://kovan.etherscan.io",
            "No": 42,
            "Token A": "Loading",
            "Token B": "Loading",
            "key": 41,
          },
          Object {
            "Address": "Loading",
            "Allowance": "Loading",
            "DUO": "Loading",
            "ETH": "Loading",
            "Link": "https://kovan.etherscan.io",
            "No": 43,
            "Token A": "Loading",
            "Token B": "Loading",
            "key": 42,
          },
          Object {
            "Address": "Loading",
            "Allowance": "Loading",
            "DUO": "Loading",
            "ETH": "Loading",
            "Link": "https://kovan.etherscan.io",
            "No": 44,
            "Token A": "Loading",
            "Token B": "Loading",
            "key": 43,
          },
          Object {
            "Address": "Loading",
            "Allowance": "Loading",
            "DUO": "Loading",
            "ETH": "Loading",
            "Link": "https://kovan.etherscan.io",
            "No": 45,
            "Token A": "Loading",
            "Token B": "Loading",
            "key": 44,
          },
          Object {
            "Address": "Loading",
            "Allowance": "Loading",
            "DUO": "Loading",
            "ETH": "Loading",
            "Link": "https://kovan.etherscan.io",
            "No": 46,
            "Token A": "Loading",
            "Token B": "Loading",
            "key": 45,
          },
          Object {
            "Address": "Loading",
            "Allowance": "Loading",
            "DUO": "Loading",
            "ETH": "Loading",
            "Link": "https://kovan.etherscan.io",
            "No": 47,
            "Token A": "Loading",
            "Token B": "Loading",
            "key": 46,
          },
          Object {
            "Address": "Loading",
            "Allowance": "Loading",
            "DUO": "Loading",
            "ETH": "Loading",
            "Link": "https://kovan.etherscan.io",
            "No": 48,
            "Token A": "Loading",
            "Token B": "Loading",
            "key": 47,
          },
          Object {
            "Address": "Loading",
            "Allowance": "Loading",
            "DUO": "Loading",
            "ETH": "Loading",
            "Link": "https://kovan.etherscan.io",
            "No": 49,
            "Token A": "Loading",
            "Token B": "Loading",
            "key": 48,
          },
          Object {
            "Address": "Loading",
            "Allowance": "Loading",
            "DUO": "Loading",
            "ETH": "Loading",
            "Link": "https://kovan.etherscan.io",
            "No": 50,
            "Token A": "Loading",
            "Token B": "Loading",
            "key": 49,
          },
          Object {
            "Address": "Loading",
            "Allowance": "Loading",
            "DUO": "Loading",
            "ETH": "Loading",
            "Link": "https://kovan.etherscan.io",
            "No": 51,
            "Token A": "Loading",
            "Token B": "Loading",
            "key": 50,
          },
          Object {
            "Address": "Loading",
            "Allowance": "Loading",
            "DUO": "Loading",
            "ETH": "Loading",
            "Link": "https://kovan.etherscan.io",
            "No": 52,
            "Token A": "Loading",
            "Token B": "Loading",
            "key": 51,
          },
          Object {
            "Address": "Loading",
            "Allowance": "Loading",
            "DUO": "Loading",
            "ETH": "Loading",
            "Link": "https://kovan.etherscan.io",
            "No": 53,
            "Token A": "Loading",
            "Token B": "Loading",
            "key": 52,
          },
          Object {
            "Address": "Loading",
            "Allowance": "Loading",
            "DUO": "Loading",
            "ETH": "Loading",
            "Link": "https://kovan.etherscan.io",
            "No": 54,
            "Token A": "Loading",
            "Token B": "Loading",
            "key": 53,
          },
          Object {
            "Address": "Loading",
            "Allowance": "Loading",
            "DUO": "Loading",
            "ETH": "Loading",
            "Link": "https://kovan.etherscan.io",
            "No": 55,
            "Token A": "Loading",
            "Token B": "Loading",
            "key": 54,
          },
          Object {
            "Address": "Loading",
            "Allowance": "Loading",
            "DUO": "Loading",
            "ETH": "Loading",
            "Link": "https://kovan.etherscan.io",
            "No": 56,
            "Token A": "Loading",
            "Token B": "Loading",
            "key": 55,
          },
          Object {
            "Address": "Loading",
            "Allowance": "Loading",
            "DUO": "Loading",
            "ETH": "Loading",
            "Link": "https://kovan.etherscan.io",
            "No": 57,
            "Token A": "Loading",
            "Token B": "Loading",
            "key": 56,
          },
          Object {
            "Address": "Loading",
            "Allowance": "Loading",
            "DUO": "Loading",
            "ETH": "Loading",
            "Link": "https://kovan.etherscan.io",
            "No": 58,
            "Token A": "Loading",
            "Token B": "Loading",
            "key": 57,
          },
          Object {
            "Address": "Loading",
            "Allowance": "Loading",
            "DUO": "Loading",
            "ETH": "Loading",
            "Link": "https://kovan.etherscan.io",
            "No": 59,
            "Token A": "Loading",
            "Token B": "Loading",
            "key": 58,
          },
          Object {
            "Address": "Loading",
            "Allowance": "Loading",
            "DUO": "Loading",
            "ETH": "Loading",
            "Link": "https://kovan.etherscan.io",
            "No": 60,
            "Token A": "Loading",
            "Token B": "Loading",
            "key": 59,
          },
          Object {
            "Address": "Loading",
            "Allowance": "Loading",
            "DUO": "Loading",
            "ETH": "Loading",
            "Link": "https://kovan.etherscan.io",
            "No": 61,
            "Token A": "Loading",
            "Token B": "Loading",
            "key": 60,
          },
          Object {
            "Address": "Loading",
            "Allowance": "Loading",
            "DUO": "Loading",
            "ETH": "Loading",
            "Link": "https://kovan.etherscan.io",
            "No": 62,
            "Token A": "Loading",
            "Token B": "Loading",
            "key": 61,
          },
          Object {
            "Address": "Loading",
            "Allowance": "Loading",
            "DUO": "Loading",
            "ETH": "Loading",
            "Link": "https://kovan.etherscan.io",
            "No": 63,
            "Token A": "Loading",
            "Token B": "Loading",
            "key": 62,
          },
          Object {
            "Address": "Loading",
            "Allowance": "Loading",
            "DUO": "Loading",
            "ETH": "Loading",
            "Link": "https://kovan.etherscan.io",
            "No": 64,
            "Token A": "Loading",
            "Token B": "Loading",
            "key": 63,
          },
          Object {
            "Address": "Loading",
            "Allowance": "Loading",
            "DUO": "Loading",
            "ETH": "Loading",
            "Link": "https://kovan.etherscan.io",
            "No": 65,
            "Token A": "Loading",
            "Token B": "Loading",
            "key": 64,
          },
          Object {
            "Address": "Loading",
            "Allowance": "Loading",
            "DUO": "Loading",
            "ETH": "Loading",
            "Link": "https://kovan.etherscan.io",
            "No": 66,
            "Token A": "Loading",
            "Token B": "Loading",
            "key": 65,
          },
          Object {
            "Address": "Loading",
            "Allowance": "Loading",
            "DUO": "Loading",
            "ETH": "Loading",
            "Link": "https://kovan.etherscan.io",
            "No": 67,
            "Token A": "Loading",
            "Token B": "Loading",
            "key": 66,
          },
          Object {
            "Address": "Loading",
            "Allowance": "Loading",
            "DUO": "Loading",
            "ETH": "Loading",
            "Link": "https://kovan.etherscan.io",
            "No": 68,
            "Token A": "Loading",
            "Token B": "Loading",
            "key": 67,
          },
          Object {
            "Address": "Loading",
            "Allowance": "Loading",
            "DUO": "Loading",
            "ETH": "Loading",
            "Link": "https://kovan.etherscan.io",
            "No": 69,
            "Token A": "Loading",
            "Token B": "Loading",
            "key": 68,
          },
          Object {
            "Address": "Loading",
            "Allowance": "Loading",
            "DUO": "Loading",
            "ETH": "Loading",
            "Link": "https://kovan.etherscan.io",
            "No": 70,
            "Token A": "Loading",
            "Token B": "Loading",
            "key": 69,
          },
          Object {
            "Address": "Loading",
            "Allowance": "Loading",
            "DUO": "Loading",
            "ETH": "Loading",
            "Link": "https://kovan.etherscan.io",
            "No": 71,
            "Token A": "Loading",
            "Token B": "Loading",
            "key": 70,
          },
          Object {
            "Address": "Loading",
            "Allowance": "Loading",
            "DUO": "Loading",
            "ETH": "Loading",
            "Link": "https://kovan.etherscan.io",
            "No": 72,
            "Token A": "Loading",
            "Token B": "Loading",
            "key": 71,
          },
          Object {
            "Address": "Loading",
            "Allowance": "Loading",
            "DUO": "Loading",
            "ETH": "Loading",
            "Link": "https://kovan.etherscan.io",
            "No": 73,
            "Token A": "Loading",
            "Token B": "Loading",
            "key": 72,
          },
          Object {
            "Address": "Loading",
            "Allowance": "Loading",
            "DUO": "Loading",
            "ETH": "Loading",
            "Link": "https://kovan.etherscan.io",
            "No": 74,
            "Token A": "Loading",
            "Token B": "Loading",
            "key": 73,
          },
          Object {
            "Address": "Loading",
            "Allowance": "Loading",
            "DUO": "Loading",
            "ETH": "Loading",
            "Link": "https://kovan.etherscan.io",
            "No": 75,
            "Token A": "Loading",
            "Token B": "Loading",
            "key": 74,
          },
          Object {
            "Address": "Loading",
            "Allowance": "Loading",
            "DUO": "Loading",
            "ETH": "Loading",
            "Link": "https://kovan.etherscan.io",
            "No": 76,
            "Token A": "Loading",
            "Token B": "Loading",
            "key": 75,
          },
          Object {
            "Address": "Loading",
            "Allowance": "Loading",
            "DUO": "Loading",
            "ETH": "Loading",
            "Link": "https://kovan.etherscan.io",
            "No": 77,
            "Token A": "Loading",
            "Token B": "Loading",
            "key": 76,
          },
          Object {
            "Address": "Loading",
            "Allowance": "Loading",
            "DUO": "Loading",
            "ETH": "Loading",
            "Link": "https://kovan.etherscan.io",
            "No": 78,
            "Token A": "Loading",
            "Token B": "Loading",
            "key": 77,
          },
          Object {
            "Address": "Loading",
            "Allowance": "Loading",
            "DUO": "Loading",
            "ETH": "Loading",
            "Link": "https://kovan.etherscan.io",
            "No": 79,
            "Token A": "Loading",
            "Token B": "Loading",
            "key": 78,
          },
          Object {
            "Address": "Loading",
            "Allowance": "Loading",
            "DUO": "Loading",
            "ETH": "Loading",
            "Link": "https://kovan.etherscan.io",
            "No": 80,
            "Token A": "Loading",
            "Token B": "Loading",
            "key": 79,
          },
          Object {
            "Address": "Loading",
            "Allowance": "Loading",
            "DUO": "Loading",
            "ETH": "Loading",
            "Link": "https://kovan.etherscan.io",
            "No": 81,
            "Token A": "Loading",
            "Token B": "Loading",
            "key": 80,
          },
          Object {
            "Address": "Loading",
            "Allowance": "Loading",
            "DUO": "Loading",
            "ETH": "Loading",
            "Link": "https://kovan.etherscan.io",
            "No": 82,
            "Token A": "Loading",
            "Token B": "Loading",
            "key": 81,
          },
          Object {
            "Address": "Loading",
            "Allowance": "Loading",
            "DUO": "Loading",
            "ETH": "Loading",
            "Link": "https://kovan.etherscan.io",
            "No": 83,
            "Token A": "Loading",
            "Token B": "Loading",
            "key": 82,
          },
          Object {
            "Address": "Loading",
            "Allowance": "Loading",
            "DUO": "Loading",
            "ETH": "Loading",
            "Link": "https://kovan.etherscan.io",
            "No": 84,
            "Token A": "Loading",
            "Token B": "Loading",
            "key": 83,
          },
          Object {
            "Address": "Loading",
            "Allowance": "Loading",
            "DUO": "Loading",
            "ETH": "Loading",
            "Link": "https://kovan.etherscan.io",
            "No": 85,
            "Token A": "Loading",
            "Token B": "Loading",
            "key": 84,
          },
          Object {
            "Address": "Loading",
            "Allowance": "Loading",
            "DUO": "Loading",
            "ETH": "Loading",
            "Link": "https://kovan.etherscan.io",
            "No": 86,
            "Token A": "Loading",
            "Token B": "Loading",
            "key": 85,
          },
          Object {
            "Address": "Loading",
            "Allowance": "Loading",
            "DUO": "Loading",
            "ETH": "Loading",
            "Link": "https://kovan.etherscan.io",
            "No": 87,
            "Token A": "Loading",
            "Token B": "Loading",
            "key": 86,
          },
          Object {
            "Address": "Loading",
            "Allowance": "Loading",
            "DUO": "Loading",
            "ETH": "Loading",
            "Link": "https://kovan.etherscan.io",
            "No": 88,
            "Token A": "Loading",
            "Token B": "Loading",
            "key": 87,
          },
          Object {
            "Address": "Loading",
            "Allowance": "Loading",
            "DUO": "Loading",
            "ETH": "Loading",
            "Link": "https://kovan.etherscan.io",
            "No": 89,
            "Token A": "Loading",
            "Token B": "Loading",
            "key": 88,
          },
          Object {
            "Address": "Loading",
            "Allowance": "Loading",
            "DUO": "Loading",
            "ETH": "Loading",
            "Link": "https://kovan.etherscan.io",
            "No": 90,
            "Token A": "Loading",
            "Token B": "Loading",
            "key": 89,
          },
          Object {
            "Address": "Loading",
            "Allowance": "Loading",
            "DUO": "Loading",
            "ETH": "Loading",
            "Link": "https://kovan.etherscan.io",
            "No": 91,
            "Token A": "Loading",
            "Token B": "Loading",
            "key": 90,
          },
          Object {
            "Address": "Loading",
            "Allowance": "Loading",
            "DUO": "Loading",
            "ETH": "Loading",
            "Link": "https://kovan.etherscan.io",
            "No": 92,
            "Token A": "Loading",
            "Token B": "Loading",
            "key": 91,
          },
          Object {
            "Address": "Loading",
            "Allowance": "Loading",
            "DUO": "Loading",
            "ETH": "Loading",
            "Link": "https://kovan.etherscan.io",
            "No": 93,
            "Token A": "Loading",
            "Token B": "Loading",
            "key": 92,
          },
          Object {
            "Address": "Loading",
            "Allowance": "Loading",
            "DUO": "Loading",
            "ETH": "Loading",
            "Link": "https://kovan.etherscan.io",
            "No": 94,
            "Token A": "Loading",
            "Token B": "Loading",
            "key": 93,
          },
          Object {
            "Address": "Loading",
            "Allowance": "Loading",
            "DUO": "Loading",
            "ETH": "Loading",
            "Link": "https://kovan.etherscan.io",
            "No": 95,
            "Token A": "Loading",
            "Token B": "Loading",
            "key": 94,
          },
          Object {
            "Address": "Loading",
            "Allowance": "Loading",
            "DUO": "Loading",
            "ETH": "Loading",
            "Link": "https://kovan.etherscan.io",
            "No": 96,
            "Token A": "Loading",
            "Token B": "Loading",
            "key": 95,
          },
          Object {
            "Address": "Loading",
            "Allowance": "Loading",
            "DUO": "Loading",
            "ETH": "Loading",
            "Link": "https://kovan.etherscan.io",
            "No": 97,
            "Token A": "Loading",
            "Token B": "Loading",
            "key": 96,
          },
          Object {
            "Address": "Loading",
            "Allowance": "Loading",
            "DUO": "Loading",
            "ETH": "Loading",
            "Link": "https://kovan.etherscan.io",
            "No": 98,
            "Token A": "Loading",
            "Token B": "Loading",
            "key": 97,
          },
          Object {
            "Address": "Loading",
            "Allowance": "Loading",
            "DUO": "Loading",
            "ETH": "Loading",
            "Link": "https://kovan.etherscan.io",
            "No": 99,
            "Token A": "Loading",
            "Token B": "Loading",
            "key": 98,
          },
          Object {
            "Address": "Loading",
            "Allowance": "Loading",
            "DUO": "Loading",
            "ETH": "Loading",
            "Link": "https://kovan.etherscan.io",
            "No": 100,
            "Token A": "Loading",
            "Token B": "Loading",
            "key": 99,
          },
          Object {
            "Address": "Loading",
            "Allowance": "Loading",
            "DUO": "Loading",
            "ETH": "Loading",
            "Link": "https://kovan.etherscan.io",
            "No": 101,
            "Token A": "Loading",
            "Token B": "Loading",
            "key": 100,
          },
          Object {
            "Address": "Loading",
            "Allowance": "Loading",
            "DUO": "Loading",
            "ETH": "Loading",
            "Link": "https://kovan.etherscan.io",
            "No": 102,
            "Token A": "Loading",
            "Token B": "Loading",
            "key": 101,
          },
          Object {
            "Address": "Loading",
            "Allowance": "Loading",
            "DUO": "Loading",
            "ETH": "Loading",
            "Link": "https://kovan.etherscan.io",
            "No": 103,
            "Token A": "Loading",
            "Token B": "Loading",
            "key": 102,
          },
          Object {
            "Address": "Loading",
            "Allowance": "Loading",
            "DUO": "Loading",
            "ETH": "Loading",
            "Link": "https://kovan.etherscan.io",
            "No": 104,
            "Token A": "Loading",
            "Token B": "Loading",
            "key": 103,
          },
          Object {
            "Address": "Loading",
            "Allowance": "Loading",
            "DUO": "Loading",
            "ETH": "Loading",
            "Link": "https://kovan.etherscan.io",
            "No": 105,
            "Token A": "Loading",
            "Token B": "Loading",
            "key": 104,
          },
          Object {
            "Address": "Loading",
            "Allowance": "Loading",
            "DUO": "Loading",
            "ETH": "Loading",
            "Link": "https://kovan.etherscan.io",
            "No": 106,
            "Token A": "Loading",
            "Token B": "Loading",
            "key": 105,
          },
          Object {
            "Address": "Loading",
            "Allowance": "Loading",
            "DUO": "Loading",
            "ETH": "Loading",
            "Link": "https://kovan.etherscan.io",
            "No": 107,
            "Token A": "Loading",
            "Token B": "Loading",
            "key": 106,
          },
          Object {
            "Address": "Loading",
            "Allowance": "Loading",
            "DUO": "Loading",
            "ETH": "Loading",
            "Link": "https://kovan.etherscan.io",
            "No": 108,
            "Token A": "Loading",
            "Token B": "Loading",
            "key": 107,
          },
          Object {
            "Address": "Loading",
            "Allowance": "Loading",
            "DUO": "Loading",
            "ETH": "Loading",
            "Link": "https://kovan.etherscan.io",
            "No": 109,
            "Token A": "Loading",
            "Token B": "Loading",
            "key": 108,
          },
          Object {
            "Address": "Loading",
            "Allowance": "Loading",
            "DUO": "Loading",
            "ETH": "Loading",
            "Link": "https://kovan.etherscan.io",
            "No": 110,
            "Token A": "Loading",
            "Token B": "Loading",
            "key": 109,
          },
          Object {
            "Address": "Loading",
            "Allowance": "Loading",
            "DUO": "Loading",
            "ETH": "Loading",
            "Link": "https://kovan.etherscan.io",
            "No": 111,
            "Token A": "Loading",
            "Token B": "Loading",
            "key": 110,
          },
          Object {
            "Address": "Loading",
            "Allowance": "Loading",
            "DUO": "Loading",
            "ETH": "Loading",
            "Link": "https://kovan.etherscan.io",
            "No": 112,
            "Token A": "Loading",
            "Token B": "Loading",
            "key": 111,
          },
          Object {
            "Address": "Loading",
            "Allowance": "Loading",
            "DUO": "Loading",
            "ETH": "Loading",
            "Link": "https://kovan.etherscan.io",
            "No": 113,
            "Token A": "Loading",
            "Token B": "Loading",
            "key": 112,
          },
          Object {
            "Address": "Loading",
            "Allowance": "Loading",
            "DUO": "Loading",
            "ETH": "Loading",
            "Link": "https://kovan.etherscan.io",
            "No": 114,
            "Token A": "Loading",
            "Token B": "Loading",
            "key": 113,
          },
          Object {
            "Address": "Loading",
            "Allowance": "Loading",
            "DUO": "Loading",
            "ETH": "Loading",
            "Link": "https://kovan.etherscan.io",
            "No": 115,
            "Token A": "Loading",
            "Token B": "Loading",
            "key": 114,
          },
          Object {
            "Address": "Loading",
            "Allowance": "Loading",
            "DUO": "Loading",
            "ETH": "Loading",
            "Link": "https://kovan.etherscan.io",
            "No": 116,
            "Token A": "Loading",
            "Token B": "Loading",
            "key": 115,
          },
          Object {
            "Address": "Loading",
            "Allowance": "Loading",
            "DUO": "Loading",
            "ETH": "Loading",
            "Link": "https://kovan.etherscan.io",
            "No": 117,
            "Token A": "Loading",
            "Token B": "Loading",
            "key": 116,
          },
          Object {
            "Address": "Loading",
            "Allowance": "Loading",
            "DUO": "Loading",
            "ETH": "Loading",
            "Link": "https://kovan.etherscan.io",
            "No": 118,
            "Token A": "Loading",
            "Token B": "Loading",
            "key": 117,
          },
          Object {
            "Address": "Loading",
            "Allowance": "Loading",
            "DUO": "Loading",
            "ETH": "Loading",
            "Link": "https://kovan.etherscan.io",
            "No": 119,
            "Token A": "Loading",
            "Token B": "Loading",
            "key": 118,
          },
          Object {
            "Address": "Loading",
            "Allowance": "Loading",
            "DUO": "Loading",
            "ETH": "Loading",
            "Link": "https://kovan.etherscan.io",
            "No": 120,
            "Token A": "Loading",
            "Token B": "Loading",
            "key": 119,
          },
          Object {
            "Address": "Loading",
            "Allowance": "Loading",
            "DUO": "Loading",
            "ETH": "Loading",
            "Link": "https://kovan.etherscan.io",
            "No": 121,
            "Token A": "Loading",
            "Token B": "Loading",
            "key": 120,
          },
          Object {
            "Address": "Loading",
            "Allowance": "Loading",
            "DUO": "Loading",
            "ETH": "Loading",
            "Link": "https://kovan.etherscan.io",
            "No": 122,
            "Token A": "Loading",
            "Token B": "Loading",
            "key": 121,
          },
          Object {
            "Address": "Loading",
            "Allowance": "Loading",
            "DUO": "Loading",
            "ETH": "Loading",
            "Link": "https://kovan.etherscan.io",
            "No": 123,
            "Token A": "Loading",
            "Token B": "Loading",
            "key": 122,
          },
        ]
      }
      indentSize={20}
      loading={false}
      locale={Object {}}
      onRow={[Function]}
      pagination={
        Object {
          "onChange": [Function],
          "pageSize": 20,
          "showQuickJumper": true,
          "showTotal": [Function],
          "size": "small",
        }
      }
      prefixCls="ant-table"
      rowKey="key"
      showHeader={true}
      size="default"
      useFixedHeader={false}
    >
      <Column
        dataIndex="No"
        title="No"
        width={60}
      />
      <Column
        dataIndex="Address"
        title="Address"
        width={455}
      />
      <Column
        dataIndex="ETH"
        key="ETH"
        title="ETH"
        width={90}
      />
      <Column
        dataIndex="DUO"
        key="DUO"
        title="DUO"
        width={90}
      />
      <Column
        dataIndex="Token A"
        key="Token A"
        title="Token A"
        width={90}
      />
      <Column
        dataIndex="Token B"
        key="Token B"
        title="Token B"
        width={90}
      />
      <Column
        dataIndex="Allowance"
        key="Allowance"
        title="Allowance"
        width={90}
      />
    </Table>
  </styled.div>
</Styled(Card)>
`;
