// Jest Snapshot v1, https://goo.gl/fbAQLP

exports[`actions addHistory 1`] = `
Object {
  "type": "history",
  "value": "test",
}
`;

exports[`actions messsage 1`] = `
Object {
  "type": "message",
  "value": Object {
    "content": "content",
    "type": "type",
    "visible": true,
  },
}
`;

exports[`actions refresh 1`] = `
Object {
  "type": "refresh",
}
`;
