// Jest Snapshot v1, https://goo.gl/fbAQLP

exports[`formatTime 1`] = `"2019-02-13 11:27:52"`;

exports[`getLastPriceFromStatus 1`] = `
Object {
  "gdax": Object {
    "price": 616.14,
    "timestamp": 1528081164613,
  },
  "gemini": Object {
    "price": 617.67,
    "timestamp": 1528081767414,
  },
  "kraken": Object {
    "price": 617.85,
    "timestamp": 1528081700549,
  },
}
`;
