// Jest Snapshot v1, https://goo.gl/fbAQLP

exports[`ConversionEntry Test Test Snapshot Test Snapshot 1`] = `
<ul>
  <li>
    <span
      className="title"
    >
      1970-01-19 03:44:03
    </span>
    <span
      className="content"
    >
      Pending
    </span>
  </li>
  <li>
    <span
      className="title"
    >
      Redeem
    </span>
    <span
      className="content"
    >
      1.00 Token A/B =&gt; 1.00 ETH
    </span>
  </li>
</ul>
`;
