// Jest Snapshot v1, https://goo.gl/fbAQLP

exports[`DecodeCard Test Test Snapshot Test Snapshot 1`] = `
<Styled(Card)
  inlinetype="table"
  margin="20px 0 0 0"
  title={
    <styled.div>
      DECODE
    </styled.div>
  }
  width="1000px"
>
  <styled.div
    horizontal={true}
    padding="20px 0 0 0"
    width="100%"
  >
    <styled.input
      onChange={[Function]}
      width="760px"
    />
    <button
      className="form-button"
      onClick={[Function]}
    >
      Decode
    </button>
  </styled.div>
  <pre
    style={
      Object {
        "color": "rgba(255,255,255,.8)",
      }
    }
  />
</Styled(Card)>
`;
