// Jest Snapshot v1, https://goo.gl/fbAQLP

exports[`ExtendExtraDiv Test Test Snapshot Test Snapshot 1`] = `
<styled.div>
  <div
    className="extend-extra-wrapper"
  >
    <div
      className="tag-title"
    >
      Address
    </div>
    <a
      className="tag-content"
      href="https://kovan.etherscan.io/address/0x0"
      target="_blank"
    >
      123
    </a>
  </div>
</styled.div>
`;
