// Jest Snapshot v1, https://goo.gl/fbAQLP

exports[`AuthCard Test User Login test Snapshot 1`] = `
<styled.div>
  <styled.div
    horizontal={true}
    noJust={true}
  >
    <div>
      test
    </div>
    <Styled(Select)
      defaultValue="test"
      onSelect={[Function]}
      size="small"
      style={
        Object {
          "marginLeft": 12,
          "paddingTop": 1.5,
          "width": 120,
        }
      }
    >
      <Option
        key="kraken"
        value="kraken"
      >
        KRAKEN
      </Option>
      <Option
        key="gemini"
        value="gemini"
      >
        GEMINI
      </Option>
      <Option
        key="gdax"
        value="gdax"
      >
        GDAX
      </Option>
    </Styled(Select)>
  </styled.div>
</styled.div>
`;

exports[`AuthCard Test User Login test Snapshot 2`] = `
<styled.div>
  <styled.div
    horizontal={true}
    noJust={true}
  >
    <div>
      test
    </div>
    <Styled(Select)
      defaultValue="test"
      onSelect={[Function]}
      size="small"
      style={
        Object {
          "marginLeft": 12,
          "paddingTop": 1.5,
          "width": 120,
        }
      }
    >
      <Option
        key="kraken"
        value="kraken"
      >
        KRAKEN
      </Option>
      <Option
        key="gemini"
        value="gemini"
      >
        GEMINI
      </Option>
      <Option
        key="gdax"
        value="gdax"
      >
        GDAX
      </Option>
    </Styled(Select)>
  </styled.div>
</styled.div>
`;
