// Jest Snapshot v1, https://goo.gl/fbAQLP

exports[`AuthCard Test User Login test Snapshot 1`] = `
<Styled(Select)
  className="locale-select"
  onSelect={[Function]}
  showArrow={false}
  size="small"
  value="EN"
>
  <Option
    value="EN"
  >
    <img
      className="locale-img"
      src={null}
    />
    EN
  </Option>
  <Option
    value="CN"
  >
    <img
      className="locale-img"
      src={null}
    />
    中文
  </Option>
  <Option
    value="JP"
  >
    <img
      className="locale-img"
      src={null}
    />
    日本語
  </Option>
  <Option
    value="RU"
  >
    <img
      className="locale-img"
      src={null}
    />
    PУССКИЙ
  </Option>
</Styled(Select)>
`;

exports[`AuthCard Test User Login test Snapshot 2`] = `
<Styled(Select)
  className="locale-select"
  onSelect={[Function]}
  showArrow={false}
  size="small"
  value="EN"
>
  <Option
    value="EN"
  >
    <img
      className="locale-img"
      src={null}
    />
    EN
  </Option>
  <Option
    value="CN"
  >
    <img
      className="locale-img"
      src={null}
    />
    中文
  </Option>
  <Option
    value="JP"
  >
    <img
      className="locale-img"
      src={null}
    />
    日本語
  </Option>
  <Option
    value="RU"
  >
    <img
      className="locale-img"
      src={null}
    />
    PУССКИЙ
  </Option>
</Styled(Select)>
`;
