// Jest Snapshot v1, https://goo.gl/fbAQLP

exports[`store actions 1`] = `
Object {
  "beethoven": Object {
    "acceptedPrices": Array [],
    "addresses": Object {
      "aToken": "0x0",
      "bToken": "0x0",
      "feeCollector": "0x0",
      "operator": "0x0",
      "oracle": "0x0",
      "roleManager": "0x0",
    },
    "balances": Object {
      "a": 0,
      "b": 0,
    },
    "conversions": Array [],
    "exchangePrices": Array [],
    "states": Object {
      "alpha": 0,
      "beta": 0,
      "createCommRate": 0,
      "ethCollateral": 0,
      "feeBalance": 0,
      "iterationGasThreshold": 0,
      "lastOperationTime": 0,
      "lastPrice": 0,
      "lastPriceTime": 0,
      "limitLower": 0,
      "limitPeriodic": 0,
      "limitUpper": 0,
      "minBalance": 0,
      "navA": 0,
      "navB": 0,
      "nextResetAddrIndex": 0,
      "operationCoolDown": 0,
      "period": 0,
      "periodCoupon": 0,
      "preResetWaitingBlocks": 0,
      "priceFetchCoolDown": 0,
      "redeemCommRate": 0,
      "resetPrice": 0,
      "resetPriceTime": 0,
      "resetState": "",
      "state": "Loading",
      "totalSupplyA": 0,
      "totalSupplyB": 0,
      "totalUsers": 0,
    },
    "subscription": 0,
  },
  "dynamo": Object {
    "status": Array [],
  },
  "magi": Object {
    "acceptedPrices": Array [],
    "subscription": 0,
  },
  "ui": Object {
    "locale": "EN",
    "period": 60,
    "source": "kraken",
  },
  "web3": Object {
    "account": "0x0",
    "balance": 0,
    "gasPrice": 0,
    "network": 0,
  },
}
`;
