// Jest Snapshot v1, https://goo.gl/fbAQLP

exports[`store actions 1`] = `
Object {
  "contract": Object {
    "addresses": Object {
      "test": "test",
    },
    "balances": Object {
      "test": "test",
    },
    "prices": Array [
      "reset",
      "last",
    ],
    "states": Object {
      "test": "test",
    },
  },
  "dynamo": Object {
    "hourly": Object {
      "bitfinex": Object {
        "test": "test",
      },
      "gdax": Object {
        "test": "test",
      },
      "gemini": Object {
        "test": "test",
      },
      "kraken": Object {
        "test": "test",
      },
    },
    "status": Object {
      "test": "test",
    },
  },
}
`;
