// Jest Snapshot v1, https://goo.gl/fbAQLP

exports[`store actions 1`] = `
Object {
  "contract": Object {
    "account": "test",
    "addresses": Object {
      "test": "test",
    },
    "balances": Object {
      "test": "test",
    },
    "network": 123,
    "prices": Array [
      "reset",
      "last",
    ],
    "states": Object {
      "test": "test",
    },
  },
  "dynamo": Object {
    "conversion": Array [
      "test",
    ],
    "hourly": Object {
      "bitfinex": Object {
        "test": "test",
      },
      "gdax": Object {
        "test": "test",
      },
      "gemini": Object {
        "test": "test",
      },
      "kraken": Object {
        "test": "test",
      },
    },
    "last": Object {
      "bitfinex": Object {
        "address": "0x0",
        "price": 0,
        "timestamp": 0,
      },
      "gdax": Object {
        "address": "0x0",
        "price": 0,
        "timestamp": 0,
      },
      "gemini": Object {
        "address": "0x0",
        "price": 0,
        "timestamp": 0,
      },
      "kraken": Object {
        "address": "0x0",
        "price": 0,
        "timestamp": 0,
      },
    },
    "minutely": Object {
      "bitfinex": Object {
        "test": "test",
      },
      "gdax": Object {
        "test": "test",
      },
      "gemini": Object {
        "test": "test",
      },
      "kraken": Object {
        "test": "test",
      },
    },
    "price": Array [
      "test",
    ],
    "status": Array [
      Object {
        "process": "test",
      },
    ],
    "totalSupply": Array [
      "test",
    ],
  },
  "ui": Object {
    "refresh": 1234567890,
  },
}
`;
