// Jest Snapshot v1, https://goo.gl/fbAQLP

exports[`actions refresh 1`] = `
Array [
  Object {
    "type": "refresh",
  },
  Object {
    "type": "custodianStates",
    "value": Object {
      "test": "test",
    },
  },
  Object {
    "type": "custodianPrices",
    "value": Array [
      "reset",
      "last",
    ],
  },
  Object {
    "type": "account",
    "value": "test",
  },
  Object {
    "type": "dynamoHourly",
    "value": Object {
      "bitfinex": Object {
        "test": "test",
      },
      "gdax": Object {
        "test": "test",
      },
      "gemini": Object {
        "test": "test",
      },
      "kraken": Object {
        "test": "test",
      },
    },
  },
  Object {
    "type": "dynamoMinutely",
    "value": Object {
      "bitfinex": Object {
        "test": "test",
      },
      "gdax": Object {
        "test": "test",
      },
      "gemini": Object {
        "test": "test",
      },
      "kraken": Object {
        "test": "test",
      },
    },
  },
  Object {
    "type": "dynamoPrices",
    "value": Array [
      "test",
    ],
  },
  Object {
    "type": "balances",
    "value": Object {
      "test": "test",
    },
  },
]
`;
