// Jest Snapshot v1, https://goo.gl/fbAQLP

exports[`ui reducer default 1`] = `
Object {
  "subscribe": Object {
    "asks": Array [
      Object {
        "amount": 0,
        "makerTokenName": "",
        "marketId": "",
        "price": 0,
        "side": "",
        "takerTokenName": "",
      },
    ],
    "bids": Array [
      Object {
        "amount": 0,
        "makerTokenName": "",
        "marketId": "",
        "price": 0,
        "side": "",
        "takerTokenName": "",
      },
    ],
    "channel": Object {
      "marketId": "",
      "name": "",
    },
    "delay": 0,
    "requestId": 0,
    "timestamp": 0,
    "type": "",
  },
}
`;

exports[`ui reducer subscribe 1`] = `
Object {
  "subscribe": undefined,
}
`;
