// Jest Snapshot v1, https://goo.gl/fbAQLP

exports[`store actions 1`] = `
Object {
  "dualClass": Object {
    "acceptedPrices": Array [],
    "addresses": Object {
      "aToken": "0x0",
      "bToken": "0x0",
      "feeCollector": "0x0",
      "operator": "0x0",
      "oracle": "0x0",
      "roleManager": "0x0",
    },
    "balances": Object {
      "a": 0,
      "b": 0,
      "duo": 0,
    },
    "conversions": Array [],
    "exchangePrices": Array [],
    "states": Object {
      "alpha": 0,
      "beta": 0,
      "collateral": 0,
      "createCommRate": 0,
      "feeBalance": 0,
      "iterationGasThreshold": 0,
      "lastOperationTime": 0,
      "lastPrice": 0,
      "lastPriceTime": 0,
      "limitLower": 0,
      "limitPeriodic": 0,
      "limitUpper": 0,
      "maturity": 0,
      "minBalance": 0,
      "navA": 0,
      "navB": 0,
      "nextResetAddrIndex": 0,
      "operationCoolDown": 0,
      "period": 0,
      "periodCoupon": 0,
      "preResetWaitingBlocks": 0,
      "priceFetchCoolDown": 0,
      "redeemCommRate": 0,
      "resetPrice": 0,
      "resetPriceTime": 0,
      "resetState": "",
      "state": "Loading",
      "totalSupplyA": 0,
      "totalSupplyB": 0,
      "totalUsers": 0,
    },
    "subscription": 0,
    "tenor": "Perpetual",
    "type": "Beethoven",
  },
  "dynamo": Object {
    "status": Array [],
  },
  "esplanade": Object {
    "candidate": Object {
      "address": "0x0",
      "balance": 0,
    },
    "coldAddressPool": Object {},
    "custodianPool": Object {},
    "hotAddressPool": Object {},
    "moderator": Object {
      "address": "0x0",
      "balance": 0,
    },
    "otherContractPool": Object {},
    "states": Object {
      "isStarted": false,
      "lastOperationTime": 0,
      "operationCoolDown": 0,
      "poolSizes": Object {
        "cold": 0,
        "custodian": 0,
        "hot": 0,
        "otherContract": 0,
      },
      "votingStage": "",
    },
    "subscription": 0,
    "votingData": Object {
      "started": 0,
      "totalVoters": 0,
      "votedAgainst": 0,
      "votedFor": 0,
    },
  },
  "magi": Object {
    "acceptedPrices": Array [],
    "operator": Object {
      "address": "",
      "balance": 0,
    },
    "priceFeeds": Object {},
    "roleManager": Object {
      "address": "",
      "balance": 0,
    },
    "states": Object {
      "firstPrice": Object {
        "price": 0,
        "source": "",
        "timestamp": 0,
      },
      "isStarted": false,
      "lastOperationTime": 0,
      "numOfPrices": 0,
      "operationCoolDown": 0,
      "priceFeedTimeTolerance": 0,
      "priceFeedTolerance": 0,
      "priceTolerance": 0,
      "priceUpdateCoolDown": 0,
      "secondPrice": Object {
        "price": 0,
        "source": "",
        "timestamp": 0,
      },
    },
    "subscription": 0,
  },
  "ui": Object {
    "locale": "EN",
    "period": 60,
    "source": "kraken",
  },
  "web3": Object {
    "account": "0x0",
    "balance": 0,
    "gasPrice": 0,
    "network": 0,
  },
}
`;
